[2025-04-11 06:15:50] ERRO: Table 'sistema_inscricoes.users' doesn't exist
[2025-04-11 06:17:26] {"action":"create","success":true,"message":"Admin criado com sucesso!","email":"admin@email.com"}
[2025-04-11 06:17:40] {"action":"update","success":true,"message":"Admin atualizado com sucesso!","email":"admin@email.com"}
[2025-04-11 06:20:46] {"action":"update","success":true,"message":"Admin atualizado com sucesso!","email":"admin@email.com"}
[2025-04-11 06:21:40] {"action":"update","success":true,"message":"Admin atualizado com sucesso!","email":"admin@email.com"}
[2025-04-11 06:22:39] {"action":"update","success":true,"message":"Admin atualizado com sucesso!","email":"admin@email.com"}
[2025-04-11 06:25:08] {"action":"update","success":true,"message":"Admin atualizado com sucesso!","email":"admin@email.com"}
[2025-04-11 06:25:24] {"action":"update","success":true,"message":"Admin atualizado com sucesso!","email":"admin@email.com"}
[2025-04-11 06:25:56] {"action":"update","success":true,"message":"Admin atualizado com sucesso!","email":"admin@email.com"}
[2025-04-11 06:26:48] {"action":"update","success":true,"message":"Admin atualizado com sucesso!","email":"admin@email.com"}
[2025-04-11 06:27:16] {"action":"update","success":true,"message":"Admin atualizado com sucesso!","email":"admin@email.com"}
[2025-04-11 06:28:06] {"action":"update","success":true,"message":"Admin atualizado com sucesso!","email":"admin@email.com"}
[2025-04-11 06:28:56] {"action":"update","success":true,"message":"Admin atualizado com sucesso!","email":"admin@email.com"}
[2025-04-11 06:28:59] {"action":"update","success":true,"message":"Admin atualizado com sucesso!","email":"admin@email.com"}
[2025-04-11 06:29:00] {"action":"update","success":true,"message":"Admin atualizado com sucesso!","email":"admin@email.com"}
[2025-04-11 06:29:11] {"action":"update","success":true,"message":"Admin atualizado com sucesso!","email":"admin@email.com"}
[2025-04-11 06:29:35] {"action":"update","success":true,"message":"Admin atualizado com sucesso!","email":"admin@email.com"}
[2025-04-11 06:29:47] {"action":"update","success":true,"message":"Admin atualizado com sucesso!","email":"admin@email.com"}
[2025-04-11 06:31:36] {"action":"create","success":true,"message":"Admin criado com sucesso!","email":"admin@admin.ao"}
[2025-04-11 06:32:27] {"action":"update","success":true,"message":"Admin atualizado com sucesso!","email":"admin@admin.ao"}
[2025-04-11 06:32:29] {"action":"update","success":true,"message":"Admin atualizado com sucesso!","email":"admin@admin.ao"}
[2025-04-11 06:32:30] {"action":"update","success":true,"message":"Admin atualizado com sucesso!","email":"admin@admin.ao"}
[2025-04-11 06:32:31] {"action":"update","success":true,"message":"Admin atualizado com sucesso!","email":"admin@admin.ao"}
[2025-04-11 06:32:31] {"action":"update","success":true,"message":"Admin atualizado com sucesso!","email":"admin@admin.ao"}
[2025-04-11 06:32:32] {"action":"update","success":true,"message":"Admin atualizado com sucesso!","email":"admin@admin.ao"}
[2025-04-11 06:32:36] {"action":"update","success":true,"message":"Admin atualizado com sucesso!","email":"admin@admin.ao"}
[2025-04-11 06:32:38] {"action":"update","success":true,"message":"Admin atualizado com sucesso!","email":"admin@admin.ao"}
[2025-04-11 07:05:33] {"action":"update","success":true,"message":"Admin atualizado com sucesso!","email":"admin@admin.ao"}
[2025-04-11 07:06:55] {"action":"update","success":true,"message":"Admin atualizado com sucesso!","email":"admin@admin.ao"}
[2025-04-11 07:09:47] {"action":"update","success":true,"message":"Admin atualizado com sucesso!","email":"admin@admin.ao"}
[2025-04-11 07:12:42] {"action":"update","success":true,"message":"Admin atualizado com sucesso!","email":"admin@admin.ao"}
[2025-04-11 07:19:48] {"action":"update","success":true,"message":"Admin atualizado com sucesso!","email":"admin@admin.ao"}
[2025-04-11 07:20:29] {"action":"update","success":true,"message":"Admin atualizado com sucesso!","email":"admin@admin.ao"}
[2025-04-11 07:20:30] {"action":"update","success":true,"message":"Admin atualizado com sucesso!","email":"admin@admin.ao"}
[2025-04-11 07:29:27] {"action":"update","success":true,"message":"Admin atualizado com sucesso!","email":"admin@admin.ao"}
[2025-04-11 07:35:25] {"action":"update","success":true,"message":"Admin atualizado com sucesso!","email":"admin@admin.ao"}
[2025-04-11 08:07:14] {"action":"update","success":true,"message":"Admin atualizado com sucesso!","email":"admin@admin.ao"}
[2025-04-11 08:26:42] {"action":"update","success":true,"message":"Admin atualizado com sucesso!","email":"admin@admin.ao"}
[2025-04-11 08:27:03] {"action":"update","success":true,"message":"Admin atualizado com sucesso!","email":"admin@admin.ao"}
[2025-04-13 17:32:17] {"action":"update","success":true,"message":"Admin atualizado com sucesso!","email":"admin@admin.ao"}
[2025-04-13 18:01:13] {"action":"update","success":true,"message":"Admin atualizado com sucesso!","email":"admin@admin.ao"}
[2025-04-13 18:01:32] {"action":"update","success":true,"message":"Admin atualizado com sucesso!","email":"admin@admin.ao"}
[2025-04-13 18:04:44] {"action":"update","success":true,"message":"Admin atualizado com sucesso!","email":"admin@admin.ao"}
[2025-04-14 18:44:29] {"action":"update","success":true,"message":"Admin atualizado com sucesso!","email":"admin@admin.ao"}
[2025-04-14 18:44:55] {"action":"update","success":true,"message":"Admin atualizado com sucesso!","email":"admin@admin.ao"}
[2025-04-14 19:11:34] {"action":"update","success":true,"message":"Admin atualizado com sucesso!","email":"admin@admin.ao"}
[2025-04-14 19:12:53] {"action":"update","success":true,"message":"Admin atualizado com sucesso!","email":"admin@admin.ao"}
[2025-04-14 19:13:31] {"action":"update","success":true,"message":"Admin atualizado com sucesso!","email":"admin@admin.ao"}
[2025-04-14 19:14:24] {"action":"update","success":true,"message":"Admin atualizado com sucesso!","email":"admin@admin.ao"}
[2025-04-14 19:14:36] {"action":"update","success":true,"message":"Admin atualizado com sucesso!","email":"admin@admin.ao"}
[2025-04-14 19:15:34] {"action":"update","success":true,"message":"Admin atualizado com sucesso!","email":"admin@admin.ao"}
[2025-04-14 20:06:12] {"action":"update","success":true,"message":"Admin atualizado com sucesso!","email":"admin@admin.ao"}
[2025-04-14 21:51:20] {"action":"update","success":true,"message":"Admin atualizado com sucesso!","email":"admin@admin.ao"}
[2025-04-15 19:30:30] {"action":"update","success":true,"message":"Admin atualizado com sucesso!","email":"admin@admin.ao"}
[2025-04-15 19:50:50] {"action":"update","success":true,"message":"Admin atualizado com sucesso!","email":"admin@admin.ao"}
[2025-04-15 19:51:02] {"action":"update","success":true,"message":"Admin atualizado com sucesso!","email":"admin@admin.ao"}
[2025-04-15 19:52:51] {"action":"update","success":true,"message":"Admin atualizado com sucesso!","email":"admin@admin.ao"}
[2025-04-15 19:53:24] {"action":"update","success":true,"message":"Admin atualizado com sucesso!","email":"admin@admin.ao"}
[2025-04-15 19:54:12] {"action":"update","success":true,"message":"Admin atualizado com sucesso!","email":"admin@admin.ao"}
[2025-04-15 19:54:45] {"action":"update","success":true,"message":"Admin atualizado com sucesso!","email":"admin@admin.ao"}
[2025-04-15 21:10:20] {"action":"update","success":true,"message":"Admin atualizado com sucesso!","email":"admin@admin.ao"}
[2025-04-15 21:10:22] {"action":"update","success":true,"message":"Admin atualizado com sucesso!","email":"admin@admin.ao"}
[2025-04-15 21:10:22] {"action":"update","success":true,"message":"Admin atualizado com sucesso!","email":"admin@admin.ao"}
[2025-04-15 21:11:19] {"action":"update","success":true,"message":"Admin atualizado com sucesso!","email":"admin@admin.ao"}
[2025-04-15 21:11:25] {"action":"update","success":true,"message":"Admin atualizado com sucesso!","email":"admin@admin.ao"}
[2025-04-15 21:11:26] {"action":"update","success":true,"message":"Admin atualizado com sucesso!","email":"admin@admin.ao"}
[2025-04-15 21:11:27] {"action":"update","success":true,"message":"Admin atualizado com sucesso!","email":"admin@admin.ao"}
[2025-04-15 21:11:29] {"action":"update","success":true,"message":"Admin atualizado com sucesso!","email":"admin@admin.ao"}
[2025-04-15 21:11:32] {"action":"update","success":true,"message":"Admin atualizado com sucesso!","email":"admin@admin.ao"}
[2025-04-15 21:11:33] {"action":"update","success":true,"message":"Admin atualizado com sucesso!","email":"admin@admin.ao"}
[2025-04-15 21:11:43] {"action":"update","success":true,"message":"Admin atualizado com sucesso!","email":"admin@admin.ao"}
[2025-04-15 21:12:46] {"action":"update","success":true,"message":"Admin atualizado com sucesso!","email":"admin@admin.ao"}
[2025-04-15 21:13:21] {"action":"update","success":true,"message":"Admin atualizado com sucesso!","email":"admin@admin.ao"}
[2025-04-15 21:14:31] {"action":"update","success":true,"message":"Admin atualizado com sucesso!","email":"admin@admin.ao"}
[2025-04-15 21:14:54] {"action":"update","success":true,"message":"Admin atualizado com sucesso!","email":"admin@admin.ao"}
[2025-04-15 21:19:30] {"action":"update","success":true,"message":"Admin atualizado com sucesso!","email":"admin@admin.ao"}
[2025-04-15 23:35:39] {"action":"update","success":true,"message":"Admin atualizado com sucesso!","email":"admin@admin.ao"}
[2025-04-15 23:48:00] {"action":"update","success":true,"message":"Admin atualizado com sucesso!","email":"admin@admin.ao"}
[2025-04-16 00:34:49] {"action":"update","success":true,"message":"Admin atualizado com sucesso!","email":"admin@admin.ao"}
[2025-04-16 00:45:00] {"action":"update","success":true,"message":"Admin atualizado com sucesso!","email":"admin@admin.ao"}
[2025-04-16 00:47:22] {"action":"update","success":true,"message":"Admin atualizado com sucesso!","email":"admin@admin.ao"}
[2025-04-17 13:57:52] {"action":"update","success":true,"message":"Admin atualizado com sucesso!","email":"admin@admin.ao"}
[2025-04-17 13:57:58] {"action":"update","success":true,"message":"Admin atualizado com sucesso!","email":"admin@admin.ao"}
[2025-04-17 13:59:18] {"action":"update","success":true,"message":"Admin atualizado com sucesso!","email":"admin@admin.ao"}
[2025-04-17 15:20:21] {"action":"update","success":true,"message":"Admin atualizado com sucesso!","email":"admin@admin.ao"}
[2025-04-17 19:47:57] {"action":"update","success":true,"message":"Admin atualizado com sucesso!","email":"admin@admin.ao"}
[2025-04-17 20:13:26] {"action":"update","success":true,"message":"Admin atualizado com sucesso!","email":"admin@admin.ao"}
[2025-04-17 20:14:18] {"action":"update","success":true,"message":"Admin atualizado com sucesso!","email":"admin@admin.ao"}
[2025-04-17 20:14:25] {"action":"update","success":true,"message":"Admin atualizado com sucesso!","email":"admin@admin.ao"}
[2025-04-17 20:14:27] {"action":"update","success":true,"message":"Admin atualizado com sucesso!","email":"admin@admin.ao"}
[2025-04-17 20:14:28] {"action":"update","success":true,"message":"Admin atualizado com sucesso!","email":"admin@admin.ao"}
[2025-04-17 20:14:29] {"action":"update","success":true,"message":"Admin atualizado com sucesso!","email":"admin@admin.ao"}
[2025-04-17 20:14:30] {"action":"update","success":true,"message":"Admin atualizado com sucesso!","email":"admin@admin.ao"}
[2025-04-17 20:15:11] {"action":"update","success":true,"message":"Admin atualizado com sucesso!","email":"admin@admin.ao"}
[2025-04-17 20:16:31] {"action":"update","success":true,"message":"Admin atualizado com sucesso!","email":"admin@admin.ao"}
[2025-04-17 20:17:44] {"action":"update","success":true,"message":"Admin atualizado com sucesso!","email":"admin@admin.ao"}
[2025-04-17 20:18:57] {"action":"update","success":true,"message":"Admin atualizado com sucesso!","email":"admin@admin.ao"}
[2025-04-17 20:20:03] {"action":"update","success":true,"message":"Admin atualizado com sucesso!","email":"admin@admin.ao"}
[2025-04-17 20:20:35] {"action":"update","success":true,"message":"Admin atualizado com sucesso!","email":"admin@admin.ao"}
[2025-04-17 20:21:17] {"action":"update","success":true,"message":"Admin atualizado com sucesso!","email":"admin@admin.ao"}
[2025-04-17 20:22:20] {"action":"update","success":true,"message":"Admin atualizado com sucesso!","email":"admin@admin.ao"}
[2025-04-17 20:28:32] {"action":"update","success":true,"message":"Admin atualizado com sucesso!","email":"admin@admin.ao"}
[2025-04-17 20:35:49] {"action":"update","success":true,"message":"Admin atualizado com sucesso!","email":"admin@admin.ao"}
[2025-04-17 21:12:28] {"action":"update","success":true,"message":"Admin atualizado com sucesso!","email":"admin@admin.ao"}
[2025-04-17 21:18:05] {"action":"update","success":true,"message":"Admin atualizado com sucesso!","email":"admin@admin.ao"}
[2025-04-17 21:22:26] {"action":"update","success":true,"message":"Admin atualizado com sucesso!","email":"admin@admin.ao"}
[2025-04-17 21:26:11] {"action":"update","success":true,"message":"Admin atualizado com sucesso!","email":"admin@admin.ao"}
[2025-04-17 21:30:55] {"action":"update","success":true,"message":"Admin atualizado com sucesso!","email":"admin@admin.ao"}
[2025-04-21 20:44:05] {"action":"update","success":true,"message":"Admin atualizado com sucesso!","email":"admin@admin.ao"}
[2025-04-21 20:56:45] {"action":"update","success":true,"message":"Admin atualizado com sucesso!","email":"admin@admin.ao"}
[2025-04-21 21:01:43] {"action":"update","success":true,"message":"Admin atualizado com sucesso!","email":"admin@admin.ao"}
[2025-04-21 21:02:40] {"action":"update","success":true,"message":"Admin atualizado com sucesso!","email":"admin@admin.ao"}
[2025-04-21 21:13:32] {"action":"update","success":true,"message":"Admin atualizado com sucesso!","email":"admin@admin.ao"}
[2025-04-21 21:14:27] {"action":"update","success":true,"message":"Admin atualizado com sucesso!","email":"admin@admin.ao"}
[2025-04-21 21:31:20] {"action":"update","success":true,"message":"Admin atualizado com sucesso!","email":"admin@admin.ao"}
[2025-04-21 21:38:22] {"action":"update","success":true,"message":"Admin atualizado com sucesso!","email":"admin@admin.ao"}
[2025-04-21 21:39:18] {"action":"update","success":true,"message":"Admin atualizado com sucesso!","email":"admin@admin.ao"}
[2025-04-21 21:42:50] {"action":"update","success":true,"message":"Admin atualizado com sucesso!","email":"admin@admin.ao"}
[2025-04-21 21:49:42] {"action":"update","success":true,"message":"Admin atualizado com sucesso!","email":"admin@admin.ao"}
[2025-04-21 21:50:46] {"action":"update","success":true,"message":"Admin atualizado com sucesso!","email":"admin@admin.ao"}
[2025-04-21 21:51:09] {"action":"update","success":true,"message":"Admin atualizado com sucesso!","email":"admin@admin.ao"}
[2025-04-21 21:58:12] {"action":"update","success":true,"message":"Admin atualizado com sucesso!","email":"admin@admin.ao"}
[2025-04-21 21:58:16] {"action":"update","success":true,"message":"Admin atualizado com sucesso!","email":"admin@admin.ao"}
[2025-04-21 22:00:49] {"action":"update","success":true,"message":"Admin atualizado com sucesso!","email":"admin@admin.ao"}
[2025-04-21 22:09:33] {"action":"update","success":true,"message":"Admin atualizado com sucesso!","email":"admin@admin.ao"}
[2025-04-21 22:25:15] {"action":"update","success":true,"message":"Admin atualizado com sucesso!","email":"admin@admin.ao"}
[2025-04-21 22:25:32] {"action":"update","success":true,"message":"Admin atualizado com sucesso!","email":"admin@admin.ao"}
[2025-04-21 22:26:30] {"action":"update","success":true,"message":"Admin atualizado com sucesso!","email":"admin@admin.ao"}
[2025-04-21 22:28:05] {"action":"update","success":true,"message":"Admin atualizado com sucesso!","email":"admin@admin.ao"}
[2025-04-21 22:28:11] {"action":"update","success":true,"message":"Admin atualizado com sucesso!","email":"admin@admin.ao"}
[2025-04-21 22:28:57] {"action":"update","success":true,"message":"Admin atualizado com sucesso!","email":"admin@admin.ao"}
[2025-04-21 22:29:30] {"action":"update","success":true,"message":"Admin atualizado com sucesso!","email":"admin@admin.ao"}
[2025-04-21 22:30:11] {"action":"update","success":true,"message":"Admin atualizado com sucesso!","email":"admin@admin.ao"}
[2025-04-21 22:30:15] {"action":"update","success":true,"message":"Admin atualizado com sucesso!","email":"admin@admin.ao"}
[2025-04-21 22:31:21] {"action":"update","success":true,"message":"Admin atualizado com sucesso!","email":"admin@admin.ao"}
[2025-04-21 22:37:02] {"action":"update","success":true,"message":"Admin atualizado com sucesso!","email":"admin@admin.ao"}
[2025-04-21 22:37:42] {"action":"update","success":true,"message":"Admin atualizado com sucesso!","email":"admin@admin.ao"}
[2025-04-21 22:37:51] {"action":"update","success":true,"message":"Admin atualizado com sucesso!","email":"admin@admin.ao"}
[2025-04-21 22:38:43] {"action":"update","success":true,"message":"Admin atualizado com sucesso!","email":"admin@admin.ao"}
[2025-04-21 22:40:49] {"action":"update","success":true,"message":"Admin atualizado com sucesso!","email":"admin@admin.ao"}
[2025-04-21 22:41:27] {"action":"update","success":true,"message":"Admin atualizado com sucesso!","email":"admin@admin.ao"}
[2025-04-21 22:43:39] {"action":"update","success":true,"message":"Admin atualizado com sucesso!","email":"admin@admin.ao"}
[2025-04-21 22:49:02] {"action":"update","success":true,"message":"Admin atualizado com sucesso!","email":"admin@admin.ao"}
[2025-04-21 22:49:06] {"action":"update","success":true,"message":"Admin atualizado com sucesso!","email":"admin@admin.ao"}
[2025-04-21 22:52:55] {"action":"update","success":true,"message":"Admin atualizado com sucesso!","email":"admin@admin.ao"}
[2025-04-21 22:58:27] {"action":"update","success":true,"message":"Admin atualizado com sucesso!","email":"admin@admin.ao"}
[2025-04-21 22:58:31] {"action":"update","success":true,"message":"Admin atualizado com sucesso!","email":"admin@admin.ao"}
[2025-04-22 22:21:04] {"action":"update","success":true,"message":"Admin atualizado com sucesso!","email":"admin@admin.ao"}
[2025-04-23 07:14:23] {"action":"update","success":true,"message":"Admin atualizado com sucesso!","email":"admin@admin.ao"}
[2025-04-23 07:31:07] {"action":"update","success":true,"message":"Admin atualizado com sucesso!","email":"admin@admin.ao"}
[2025-04-23 07:31:12] {"action":"update","success":true,"message":"Admin atualizado com sucesso!","email":"admin@admin.ao"}
[2025-04-23 22:25:45] {"action":"update","success":true,"message":"Admin atualizado com sucesso!","email":"admin@admin.ao"}
[2025-04-24 00:22:03] {"action":"update","success":true,"message":"Admin atualizado com sucesso!","email":"admin@admin.ao"}
[2025-04-27 14:58:03] {"action":"create","success":true,"message":"Admin criado com sucesso!","email":"admin@admin.ao"}
[2025-04-27 15:37:05] {"action":"update","success":true,"message":"Admin atualizado com sucesso!","email":"admin@admin.ao"}
[2025-04-27 15:37:59] {"action":"update","success":true,"message":"Admin atualizado com sucesso!","email":"admin@admin.ao"}
[2025-04-27 15:38:57] {"action":"update","success":true,"message":"Admin atualizado com sucesso!","email":"admin@admin.ao"}
[2025-04-27 15:54:44] ERRO: Ação não especificada ou inválida.
[2025-04-27 15:54:56] ERRO: Ação não especificada ou inválida.
[2025-04-27 15:56:43] ERRO: Ação não especificada ou inválida.
[2025-04-27 15:56:52] ERRO: Ação não especificada ou inválida.
[2025-04-27 15:57:11] ERRO: Ação não especificada ou inválida.
[2025-04-27 15:59:21] ERRO: Ação não especificada ou inválida.
[2025-04-27 15:59:28] ERRO: Ação não especificada ou inválida.
[2025-04-27 16:00:21] ERRO: Ação não especificada ou inválida.
[2025-04-27 16:00:22] ERRO: Ação não especificada ou inválida.
[2025-04-27 16:00:22] ERRO: Ação não especificada ou inválida.
[2025-04-27 16:00:23] ERRO: Ação não especificada ou inválida.
[2025-04-27 16:00:23] ERRO: Ação não especificada ou inválida.
[2025-04-27 16:00:24] ERRO: Ação não especificada ou inválida.
[2025-04-27 16:00:25] ERRO: Ação não especificada ou inválida.
[2025-04-27 16:00:26] ERRO: Ação não especificada ou inválida.
[2025-04-27 16:00:27] ERRO: Ação não especificada ou inválida.
[2025-04-27 16:00:42] ERRO: Ação não especificada ou inválida.
[2025-04-27 16:02:19] ERRO: Ação não especificada ou inválida.
[2025-04-27 16:02:21] ERRO: Ação não especificada ou inválida.
[2025-04-27 16:02:21] ERRO: Ação não especificada ou inválida.
[2025-04-27 16:02:21] ERRO: Ação não especificada ou inválida.
[2025-04-27 16:02:22] ERRO: Ação não especificada ou inválida.
[2025-04-27 16:02:26] ERRO: Ação não especificada ou inválida.
[2025-04-27 16:02:32] ERRO: Ação não especificada ou inválida.
[2025-04-27 16:03:08] ERRO: Ação não especificada ou inválida.
[2025-04-27 16:03:10] ERRO: Ação não especificada ou inválida.
[2025-04-27 16:03:11] ERRO: Ação não especificada ou inválida.
[2025-04-27 16:03:16] ERRO: Ação não especificada ou inválida.
[2025-04-27 16:03:17] ERRO: Ação não especificada ou inválida.
[2025-04-27 16:03:18] ERRO: Ação não especificada ou inválida.
[2025-04-27 16:03:18] ERRO: Ação não especificada ou inválida.
[2025-04-27 16:03:19] ERRO: Ação não especificada ou inválida.
[2025-04-27 16:03:20] ERRO: Ação não especificada ou inválida.
[2025-04-27 16:03:21] ERRO: Ação não especificada ou inválida.
[2025-04-27 16:03:21] ERRO: Ação não especificada ou inválida.
[2025-04-27 16:04:40] ERRO: Ação não especificada ou inválida.
[2025-04-27 16:04:44] ERRO: Ação não especificada ou inválida.
[2025-04-27 16:04:45] ERRO: Ação não especificada ou inválida.
[2025-04-27 16:04:45] ERRO: Ação não especificada ou inválida.
[2025-04-27 16:04:46] ERRO: Ação não especificada ou inválida.
[2025-04-27 16:04:47] ERRO: Ação não especificada ou inválida.
[2025-04-27 16:04:47] ERRO: Ação não especificada ou inválida.
[2025-04-27 16:04:48] ERRO: Ação não especificada ou inválida.
[2025-04-27 16:04:48] ERRO: Ação não especificada ou inválida.
[2025-04-27 16:04:48] ERRO: Ação não especificada ou inválida.
[2025-04-27 16:04:49] ERRO: Ação não especificada ou inválida.
[2025-04-27 16:04:49] ERRO: Ação não especificada ou inválida.
[2025-04-27 16:04:50] ERRO: Ação não especificada ou inválida.
[2025-04-27 16:04:50] ERRO: Ação não especificada ou inválida.
[2025-04-27 16:04:50] ERRO: Ação não especificada ou inválida.
[2025-04-27 16:04:51] ERRO: Ação não especificada ou inválida.
[2025-04-27 16:04:51] ERRO: Ação não especificada ou inválida.
[2025-04-27 16:04:51] ERRO: Ação não especificada ou inválida.
[2025-04-27 16:04:52] ERRO: Ação não especificada ou inválida.
[2025-04-27 16:04:52] ERRO: Ação não especificada ou inválida.
[2025-04-27 16:04:52] ERRO: Ação não especificada ou inválida.
[2025-04-27 16:05:08] ERRO: Ação não especificada ou inválida.
[2025-04-27 16:05:09] ERRO: Ação não especificada ou inválida.
[2025-04-27 16:05:10] ERRO: Ação não especificada ou inválida.
[2025-04-27 16:05:10] ERRO: Ação não especificada ou inválida.
[2025-04-27 16:05:10] ERRO: Ação não especificada ou inválida.
[2025-04-27 16:05:11] ERRO: Ação não especificada ou inválida.
[2025-04-27 16:05:12] ERRO: Ação não especificada ou inválida.
[2025-04-27 16:05:13] ERRO: Ação não especificada ou inválida.
[2025-04-27 16:05:13] ERRO: Ação não especificada ou inválida.
[2025-04-27 16:05:23] ERRO: Ação não especificada ou inválida.
[2025-04-27 16:06:13] ERRO: Ação não especificada ou inválida.
[2025-04-27 16:06:14] ERRO: Ação não especificada ou inválida.
[2025-04-27 16:06:15] ERRO: Ação não especificada ou inválida.
[2025-04-27 16:06:19] ERRO: Ação não especificada ou inválida.
[2025-04-27 16:06:31] ERRO: Ação não especificada ou inválida.
[2025-04-27 16:06:32] ERRO: Ação não especificada ou inválida.
[2025-04-27 16:06:45] {"action":"check","success":true,"message":"Admin j\u00e1 existe","email":"admin@admin.ao"}
[2025-04-27 16:06:48] {"action":"check","success":true,"message":"Admin j\u00e1 existe","email":"admin@admin.ao"}
[2025-04-27 16:07:51] {"action":"check","success":true,"message":"Admin j\u00e1 existe","email":"admin@admin.ao"}
[2025-04-27 16:09:23] {"action":"check","success":true,"message":"Admin j\u00e1 existe","email":"admin@admin.ao"}
[2025-04-27 16:09:32] {"action":"check","success":true,"message":"Admin j\u00e1 existe","email":"admin@admin.ao"}
[2025-04-27 16:10:01] {"action":"check","success":true,"message":"Admin j\u00e1 existe admin@admin.ao","email":null}
[2025-04-27 16:11:44] {"action":"check","success":true,"message":"Admin j\u00e1 existe","email":"admin@admin.ao"}
[2025-04-27 16:29:55] {"action":"check","success":true,"message":"Admin j\u00e1 existe","email":"admin@admin.ao"}
[2025-04-27 16:30:16] ERRO: Ação não especificada ou inválida.
[2025-04-27 16:30:17] ERRO: Ação não especificada ou inválida.
[2025-04-27 16:30:18] ERRO: Ação não especificada ou inválida.
[2025-04-27 16:30:18] ERRO: Ação não especificada ou inválida.
[2025-04-27 16:30:18] ERRO: Ação não especificada ou inválida.
[2025-04-27 16:30:19] ERRO: Ação não especificada ou inválida.
[2025-04-27 16:30:34] ERRO: Ação não especificada ou inválida.
[2025-04-27 16:30:36] ERRO: Ação não especificada ou inválida.
[2025-04-27 16:30:36] ERRO: Ação não especificada ou inválida.
[2025-04-27 16:30:36] ERRO: Ação não especificada ou inválida.
[2025-04-27 16:30:37] ERRO: Ação não especificada ou inválida.
[2025-04-27 16:30:58] {"action":"check","success":true,"message":"Admin j\u00e1 existe","email":"admin@admin.ao"}
[2025-04-27 16:33:59] {"action":"check","success":true,"message":"Admin j\u00e1 existe","email":"admin@admin.ao"}
[2025-04-27 16:34:03] {"action":"check","success":true,"message":"Admin j\u00e1 existe","email":"admin@admin.ao"}
[2025-04-27 16:35:54] {"action":"check","success":true,"message":"Admin j\u00e1 existe","email":"admin@admin.ao"}
[2025-04-27 16:35:58] {"action":"check","success":true,"message":"Admin j\u00e1 existe","email":"admin@admin.ao"}
[2025-04-27 16:35:59] {"action":"check","success":true,"message":"Admin j\u00e1 existe","email":"admin@admin.ao"}
[2025-04-27 16:36:00] {"action":"check","success":true,"message":"Admin j\u00e1 existe","email":"admin@admin.ao"}
[2025-04-27 16:36:01] {"action":"check","success":true,"message":"Admin j\u00e1 existe","email":"admin@admin.ao"}
[2025-04-27 16:36:01] {"action":"check","success":true,"message":"Admin j\u00e1 existe","email":"admin@admin.ao"}
[2025-04-27 16:36:03] {"action":"check","success":true,"message":"Admin j\u00e1 existe","email":"admin@admin.ao"}
[2025-04-27 16:36:04] {"action":"check","success":true,"message":"Admin j\u00e1 existe","email":"admin@admin.ao"}
[2025-04-27 16:36:05] {"action":"check","success":true,"message":"Admin j\u00e1 existe","email":"admin@admin.ao"}
[2025-04-27 16:37:59] {"action":"check","success":true,"message":"Admin j\u00e1 existe","email":"admin@admin.ao"}
[2025-04-27 16:38:00] {"action":"check","success":true,"message":"Admin j\u00e1 existe","email":"admin@admin.ao"}
[2025-04-27 16:38:01] {"action":"check","success":true,"message":"Admin j\u00e1 existe","email":"admin@admin.ao"}
[2025-04-27 16:38:36] {"action":"check","success":true,"message":"Admin j\u00e1 existe","email":"admin@admin.ao"}
[2025-04-27 16:39:22] {"action":"check","success":true,"message":"Admin j\u00e1 existe","email":"admin@admin.ao"}
[2025-04-27 16:39:23] {"action":"check","success":true,"message":"Admin j\u00e1 existe","email":"admin@admin.ao"}
[2025-04-27 16:39:23] {"action":"check","success":true,"message":"Admin j\u00e1 existe","email":"admin@admin.ao"}
[2025-04-27 16:39:23] {"action":"check","success":true,"message":"Admin j\u00e1 existe","email":"admin@admin.ao"}
[2025-04-27 16:39:25] {"action":"check","success":true,"message":"Admin j\u00e1 existe","email":"admin@admin.ao"}
[2025-04-27 16:39:35] {"action":"check","success":true,"message":"Admin j\u00e1 existe","email":"admin@admin.ao"}
[2025-04-27 16:40:50] {"action":"check","success":true,"message":"Admin j\u00e1 existe","email":"admin@admin.ao"}
[2025-04-27 16:41:46] {"action":"check","success":true,"message":"admin@admin.ao","email":"admin@admin.ao"}
[2025-04-27 16:41:48] {"action":"check","success":true,"message":"admin@admin.ao","email":"admin@admin.ao"}
[2025-04-27 16:41:48] {"action":"check","success":true,"message":"admin@admin.ao","email":"admin@admin.ao"}
[2025-04-27 16:41:50] {"action":"check","success":true,"message":"admin@admin.ao","email":"admin@admin.ao"}
[2025-04-27 16:43:25] {"action":"check","success":true,"message":"admin@admin.ao"}
[2025-04-27 16:43:43] {"action":"check","success":true,"message":"admin@admin.ao"}
[2025-04-27 16:44:28] {"action":"check","success":true,"message":"admin@admin.ao"}
[2025-04-27 16:44:29] {"action":"check","success":true,"message":"admin@admin.ao"}
[2025-04-27 16:44:29] {"action":"check","success":true,"message":"admin@admin.ao"}
[2025-04-27 16:44:30] {"action":"check","success":true,"message":"admin@admin.ao"}
[2025-04-27 16:44:30] {"action":"check","success":true,"message":"admin@admin.ao"}
[2025-04-27 16:44:31] {"action":"check","success":true,"message":"admin@admin.ao"}
[2025-04-27 17:14:47] ERRO: Unknown column 'id' in 'where clause'
[2025-04-27 17:16:15] ERRO: Unknown column 'id' in 'where clause'
[2025-04-27 17:16:41] ERRO: Unknown column 'id' in 'where clause'
[2025-04-27 17:18:09] {"success":true,"message":"Senha atualizada com sucesso!"}
[2025-04-27 17:22:38] {"success":true,"message":"Senha atualizada com sucesso!"}
[2025-04-27 17:25:10] {"success":false,"message":"Senha atual incorreta."}
[2025-04-27 17:25:15] {"success":false,"message":"Senha atual incorreta."}
[2025-04-27 17:25:21] {"success":false,"message":"Senha atual incorreta."}
[2025-04-27 17:25:41] {"success":true,"message":"Senha atualizada com sucesso!"}
[2025-04-27 17:28:20] {"success":true,"message":"Perfil atualizado com sucesso!"}
[2025-04-27 17:28:34] {"success":true,"message":"Perfil atualizado com sucesso!"}
[2025-04-27 17:30:16] {"success":true,"message":"Perfil atualizado com sucesso!"}
[2025-04-27 17:31:01] {"success":true,"message":"Perfil atualizado com sucesso!"}
[2025-04-27 17:31:23] {"success":true,"message":"Perfil atualizado com sucesso!"}
[2025-04-27 17:31:35] {"success":true,"message":"Perfil atualizado com sucesso!"}
[2025-04-27 17:50:58] {"action":"check","success":true,"message":"admin@admin.ao"}
[2025-04-27 17:52:13] {"action":"check","success":true,"message":"admin@admin.ao"}
[2025-04-27 17:52:35] {"action":"check","success":true,"message":"admin@admin.ao"}
[2025-04-27 17:53:10] {"action":"check","success":true,"message":"admin@admin.ao"}
[2025-04-27 17:53:24] {"action":"check","success":true,"message":"admin@admin.ao"}
[2025-04-27 17:55:33] {"action":"check","success":true,"message":"admin@admin.ao"}
[2025-04-27 17:55:45] {"action":"check","success":true,"message":"admin@admin.ao"}
[2025-04-27 17:56:08] {"action":"check","success":true,"message":"admin@admin.ao"}
[2025-04-27 17:57:04] {"action":"check","success":true,"message":"admin@admin.ao"}
[2025-04-27 17:57:42] {"action":"check","success":true,"message":"admin@admin.ao"}
[2025-04-27 18:01:07] {"action":"check","success":true,"message":"admin@admin.ao"}
[2025-04-27 18:02:34] {"action":"check","success":true,"message":"admin@admin.ao"}
[2025-04-27 18:04:07] {"action":"check","success":true,"message":"admin@admin.ao"}
[2025-06-12 23:49:55] {"action":"check","success":true,"message":"admin@admin.ao"}
[2025-06-12 23:57:49] {"action":"check","success":true,"message":"admin@admin.ao"}
